#-----------------------------------------------------------
# Vivado v2024.1 (64-bit)
# SW Build 5076996 on Wed May 22 18:37:14 MDT 2024
# IP Build 5075265 on Wed May 22 21:45:21 MDT 2024
# SharedData Build 5076995 on Wed May 22 18:29:18 MDT 2024
# Start of session at: Tue Nov 19 14:07:29 2024
# Process ID: 28492
# Current directory: D:/Chula/HW_SYS_LAB/Display_Chat/Display_Chat.runs/ila_0_synth_1
# Command line: vivado.exe -log ila_0.vds -product Vivado -mode batch -messageDb vivado.pb -notrace -source ila_0.tcl
# Log file: D:/Chula/HW_SYS_LAB/Display_Chat/Display_Chat.runs/ila_0_synth_1/ila_0.vds
# Journal file: D:/Chula/HW_SYS_LAB/Display_Chat/Display_Chat.runs/ila_0_synth_1\vivado.jou
# Running On        :LAPTOP-EDVFM2MF
# Platform          :Windows Server 2016 or Windows 10
# Operating System  :22631
# Processor Detail  :Intel(R) Core(TM) i5-10300H CPU @ 2.50GHz
# CPU Frequency     :2496 MHz
# CPU Physical cores:4
# CPU Logical cores :8
# Host memory       :25598 MB
# Swap memory       :4831 MB
# Total Virtual     :30430 MB
# Available Virtual :12278 MB
#-----------------------------------------------------------
source ila_0.tcl -notrace
